[2025-12-29T06:55:54.050Z] POST /api/feishu-simple
Headers: {
  "host": "localhost:3000",
  "user-agent": "Mozilla/5.0 (Windows NT 10.0; Microsoft Windows 10.0.22621; zh-CN) PowerShell/7.5.2",
  "accept-encoding": "gzip, deflate, br",
  "content-type": "application/json",
  "content-length": "65",
  "x-forwarded-host": "localhost:3000",
  "x-forwarded-port": "3000",
  "x-forwarded-proto": "http",
  "x-forwarded-for": "127.0.0.1"
}
Body: {
  "challenge": "simple_test",
  "type": "url_verification"
}
==================================================
[2025-12-29T06:55:56.057Z] POST /api/feishu-simple
Headers: {
  "host": "localhost:3000",
  "user-agent": "Mozilla/5.0 (Windows NT 10.0; Microsoft Windows 10.0.22621; zh-CN) PowerShell/7.5.2",
  "accept-encoding": "gzip, deflate, br",
  "content-type": "application/json",
  "content-length": "25",
  "x-forwarded-host": "localhost:3000",
  "x-forwarded-port": "3000",
  "x-forwarded-proto": "http",
  "x-forwarded-for": "127.0.0.1"
}
Body: {
  "challenge": "simple123"
}
==================================================
[2025-12-29T06:56:00.719Z] POST /api/feishu-simple
Headers: {
  "host": "39.107.88.130:3000",
  "user-agent": "Mozilla/5.0 (Windows NT 10.0; Microsoft Windows 10.0.22621; zh-CN) PowerShell/7.5.2",
  "content-length": "27",
  "accept-encoding": "gzip, deflate, br",
  "content-type": "application/json",
  "x-forwarded-host": "39.107.88.130:3000",
  "x-forwarded-port": "3000",
  "x-forwarded-proto": "http",
  "x-forwarded-for": "127.0.0.1"
}
Body: {
  "challenge": "external123"
}
==================================================
[2025-12-29T06:56:05.656Z] POST /api/feishu-simple
Headers: {
  "host": "39.107.88.130:3000",
  "user-agent": "Mozilla/5.0 (Windows NT 10.0; Microsoft Windows 10.0.22621; zh-CN) PowerShell/7.5.2",
  "content-length": "22",
  "accept-encoding": "gzip, deflate, br",
  "content-type": "application/json",
  "x-forwarded-host": "39.107.88.130:3000",
  "x-forwarded-port": "3000",
  "x-forwarded-proto": "http",
  "x-forwarded-for": "127.0.0.1"
}
Body: {
  "challenge": "ext999"
}
==================================================
