{
  "timestamp": "2025-12-29T06:58:57.538Z",
  "method": "POST",
  "url": "/api/frp-debug",
  "headers": {
    "host": "localhost:3000",
    "user-agent": "Mozilla/5.0 (Windows NT 10.0; Microsoft Windows 10.0.22621; zh-CN) PowerShell/7.5.2",
    "accept-encoding": "gzip, deflate, br",
    "content-type": "application/json",
    "content-length": "26",
    "x-forwarded-host": "localhost:3000",
    "x-forwarded-port": "3000",
    "x-forwarded-proto": "http",
    "x-forwarded-for": "127.0.0.1"
  },
  "body": {
    "challenge": "local_test"
  },
  "rawBody": "object",
  "query": {},
  "hasChallenge": true,
  "challengeValue": "local_test"
}
---
{
  "timestamp": "2025-12-29T06:59:00.759Z",
  "method": "POST",
  "url": "/api/frp-debug",
  "headers": {
    "host": "localhost:3000",
    "user-agent": "Mozilla/5.0 (Windows NT 10.0; Microsoft Windows 10.0.22621; zh-CN) PowerShell/7.5.2",
    "accept-encoding": "gzip, deflate, br",
    "content-type": "application/json",
    "content-length": "24",
    "x-forwarded-host": "localhost:3000",
    "x-forwarded-port": "3000",
    "x-forwarded-proto": "http",
    "x-forwarded-for": "127.0.0.1"
  },
  "body": {
    "challenge": "local123"
  },
  "rawBody": "object",
  "query": {},
  "hasChallenge": true,
  "challengeValue": "local123"
}
---
{
  "timestamp": "2025-12-29T06:59:05.061Z",
  "method": "POST",
  "url": "/api/frp-debug",
  "headers": {
    "host": "39.107.88.130:3000",
    "user-agent": "Mozilla/5.0 (Windows NT 10.0; Microsoft Windows 10.0.22621; zh-CN) PowerShell/7.5.2",
    "content-length": "28",
    "accept-encoding": "gzip, deflate, br",
    "content-type": "application/json",
    "x-forwarded-host": "39.107.88.130:3000",
    "x-forwarded-port": "3000",
    "x-forwarded-proto": "http",
    "x-forwarded-for": "127.0.0.1"
  },
  "body": {
    "challenge": "frp_test_123"
  },
  "rawBody": "object",
  "query": {},
  "hasChallenge": true,
  "challengeValue": "frp_test_123"
}
---
{
  "timestamp": "2025-12-29T06:59:08.836Z",
  "method": "POST",
  "url": "/api/frp-debug",
  "headers": {
    "host": "39.107.88.130:3000",
    "user-agent": "Mozilla/5.0 (Windows NT 10.0; Microsoft Windows 10.0.22621; zh-CN) PowerShell/7.5.2",
    "content-length": "22",
    "accept-encoding": "gzip, deflate, br",
    "content-type": "application/json",
    "x-forwarded-host": "39.107.88.130:3000",
    "x-forwarded-port": "3000",
    "x-forwarded-proto": "http",
    "x-forwarded-for": "127.0.0.1"
  },
  "body": {
    "challenge": "frp123"
  },
  "rawBody": "object",
  "query": {},
  "hasChallenge": true,
  "challengeValue": "frp123"
}
---
